Modules list:
-------------
pr8_vars.o:
    ZEROPAGE          Offs=000000  Size=00008E  Align=00001  Fill=0000
    RAM               Offs=000000  Size=0005F8  Align=00001  Fill=0000
    WRAM0             Offs=000000  Size=001E80  Align=00001  Fill=0000
    WRAM1             Offs=000000  Size=001E60  Align=00001  Fill=0000
    WRAM2             Offs=000000  Size=001FE0  Align=00001  Fill=0000
    WRAM3             Offs=000000  Size=001C01  Align=00001  Fill=0000
ROM_00.o:
    HEADER            Offs=000000  Size=000010  Align=00001  Fill=0000
    CODE_00           Offs=000000  Size=0036C5  Align=00001  Fill=0000
    RESET_BANKED_0    Offs=000000  Size=00000E  Align=00001  Fill=0000
ROM_01.o:
    CODE_01           Offs=000000  Size=0029C0  Align=00100  Fill=0000
    RESET_BANKED_1    Offs=000000  Size=00000E  Align=00001  Fill=0000
ROM_02.o:
    CODE_02           Offs=000000  Size=002CC0  Align=00100  Fill=0000
    RESET_BANKED_2    Offs=000000  Size=00000E  Align=00001  Fill=0000
ROM_03.o:
    RESET_BANKED_3    Offs=000000  Size=00000E  Align=00001  Fill=0000
ROM_04.o:
    RESET_BANKED_4    Offs=000000  Size=00000E  Align=00001  Fill=0000
ROM_05.o:
    CODE_05           Offs=000000  Size=003335  Align=00001  Fill=0000
    RESET_BANKED_5    Offs=000000  Size=00000E  Align=00001  Fill=0000
ROM_06.o:
    RESET_BANKED_6    Offs=000000  Size=00000E  Align=00001  Fill=0000
ROM_07.o:
    CODE_FIXED        Offs=000000  Size=0007CA  Align=00001  Fill=0000
    DPCM              Offs=000000  Size=000737  Align=00040  Fill=0000
    RESET_FIXED       Offs=000000  Size=00000E  Align=00001  Fill=0000


Segment list:
-------------
Name                   Start     End    Size  Align
----------------------------------------------------
HEADER                000000  00000F  000010  00001
ZEROPAGE              000010  00009D  00008E  00001
RAM                   000200  0007F7  0005F8  00001
WRAM0                 006000  007E7F  001E80  00001
WRAM1                 006000  007E5F  001E60  00001
WRAM2                 006000  007FDF  001FE0  00001
WRAM3                 006000  007C00  001C01  00001
CODE_00               008000  00B6C4  0036C5  00001
CODE_01               008000  00A9BF  0029C0  00100
CODE_02               008000  00ACBF  002CC0  00100
CODE_05               008000  00B334  003335  00001
RESET_BANKED_0        00BFF2  00BFFF  00000E  00001
RESET_BANKED_1        00BFF2  00BFFF  00000E  00001
RESET_BANKED_2        00BFF2  00BFFF  00000E  00001
RESET_BANKED_3        00BFF2  00BFFF  00000E  00001
RESET_BANKED_4        00BFF2  00BFFF  00000E  00001
RESET_BANKED_5        00BFF2  00BFFF  00000E  00001
RESET_BANKED_6        00BFF2  00BFFF  00000E  00001
CODE_FIXED            00C000  00C7C9  0007CA  00001
DPCM                  00C800  00CF36  000737  00040
RESET_FIXED           00FFF2  00FFFF  00000E  00001


Exports list by name:
---------------------
IRQ                       00C16E RLA    NMI                       00C127 RLA    
PAD1_dlr                  000043 RLZ    PAD1_dud                  000044 RLZ    
PAD1_firea                00003C RLZ    PAD1_fireb                00003B RLZ    
PAD1_jt                   000035 RLZ    PAD1_lr                   000037 RLZ    
PAD1_oldlr                00003D RLZ    PAD1_sel                  00003A RLZ    
PAD1_str                  000039 RLZ    PAD1_ud                   000038 RLZ    
PAD2_dlr                  000057 RLZ    PAD2_jt                   000049 RLZ    
PAD2_lr                   00004B RLZ    PAD2_oldlr                000051 RLZ    
PAD2_ud                   00004C RLZ    PR8_HEADER                006000 RLA    
RESET                     00C000 RLA    SET_BITS                  00C316 RLA    
SPR00_ATTR                000202 RLA    SPR00_CHAR                000201 RLA    
SPR00_X                   000203 RLA    SPR00_Y                   000200 RLA    
SPR01_CHAR                000205 RLA    SPR01_X                   000207 RLA    
SPR01_Y                   000204 RLA    SPR02_X                   00020B RLA    
SPR02_Y                   000208 RLA    SPR03_X                   00020F RLA    
SPR03_Y                   00020C RLA    SPR04_X                   000213 RLA    
SPR04_Y                   000210 RLA    SPR05_CHAR                000215 RLA    
SPR05_Y                   000214 RLA    SPR0A_CHAR                000229 RLA    
SPR0A_X                   00022B RLA    SPR0A_Y                   000228 RLA    
SPR0B_CHAR                00022D RLA    SPR0B_X                   00022F RLA    
SPR0B_Y                   00022C RLA    SPR0C_CHAR                000231 RLA    
SPR0C_X                   000233 RLA    SPR0C_Y                   000230 RLA    
SPR0D_CHAR                000235 RLA    SPR0D_X                   000237 RLA    
SPR0D_Y                   000234 RLA    SPR0E_X                   00023B RLA    
SPR0E_Y                   000238 RLA    SPR0F_X                   00023F RLA    
SPR0F_Y                   00023C RLA    SPR10_CHAR                000241 RLA    
SPR16_CHAR                000259 RLA    SPR16_X                   00025B RLA    
SPR16_Y                   000258 RLA    SPR17_CHAR                00025D RLA    
SPR17_X                   00025F RLA    SPR17_Y                   00025C RLA    
SPR18_CHAR                000261 RLA    SPR18_X                   000263 RLA    
SPR18_Y                   000260 RLA    SPR19_CHAR                000265 RLA    
SPR19_X                   000267 RLA    SPR19_Y                   000264 RLA    
SPR1A_ATTR                00026A RLA    SPR1A_CHAR                000269 RLA    
SPR1B_ATTR                00026E RLA    SPR1B_CHAR                00026D RLA    
SPR1C_CHAR                000271 RLA    SPR1D_CHAR                000275 RLA    
VAPU_00                   00001E REZ    VAPU_02                   000020 REZ    
VAPU_03                   000021 REZ    VAPU_03_OLD               000033 RLZ    
VAPU_04                   000022 REZ    VAPU_06                   000024 REZ    
VAPU_07                   000025 REZ    VAPU_07_OLD               000034 RLZ    
VAPU_08                   000026 REZ    VAPU_0A                   000028 REZ    
VAPU_0B                   000029 REZ    VAPU_0C                   00002A REZ    
VAPU_0E                   00002C REZ    VAPU_10                   00002E REZ    
VAPU_11                   00002F REZ    VAPU_12                   000030 REZ    
VAPU_13                   000031 REZ    addProcessToBuffer        00C17B RLA    
arpNotesA0                000301 RLA    arpNotesB0                000313 RLA    
arpNotesC0                000325 RLA    arpNotesD0                000337 RLA    
clearGraphics             008A3A RLA    curPrgBank                000013 RLZ    
curWramBank               000015 RLZ    cursorDrumMax             000726 RLA    
cursorDrumMin             000725 RLA    cursorFlashColour         00075D RLA    
cursorFlashIndex          00075C RLA    cursorX_grid              00071D RLA    
cursorX_track             000724 RLA    cursorY_editMenu          000723 RLA    
cursorY_grid              00071E RLA    debug0                    00001C RLZ    
detuneA                   00047B RLA    detuneB                   000481 RLA    
detuneC                   000487 RLA    dmaProcessBuffer          000063 RLZ    
dmcAddressTable           00C800 RLA    doNotInterrupt            000012 RLZ    
drumParameters0           0004E1 REA    drumParameters1           000511 REA    
drumParameters2           000541 REA    drumParameters3           000571 REA    
drumParameters4           0005A1 REA    drumParameters5           0005D1 REA    
drums                     006000 RLA    dutyCounterA              000451 RLA    
dutyCounterB              000463 RLA    dutyIndexA                00044B RLA    
dutyIndexB                00045D RLA    dutyWidthA                000457 RLA    
dutyWidthB                000469 RLA    echoBufferA_0             007800 RLA    
echoBufferA_2             007880 RLA    echoBufferA_3             007900 RLA    
echoBufferB_0             007980 RLA    echoBufferB_2             007A00 RLA    
echoBufferB_3             007A80 RLA    echoBufferD_0             007B00 RLA    
echoBufferD_2             007B80 RLA    editCopyBuffer            000787 RLA    
editMenuActive            000785 RLA    editModeVector            00005F RLZ    
editPatternInfoSubMode    00072C RLA    editSongIndex             000742 RLA    
editSongMode              000743 RLA    editSongModeRecord        000744 RLA    
editorChannelStatus       00077B RLA    editorCopyInfoTimer       000783 RLA    
editorCurrentDrum         00075E RLA    editorCurrentPattern      00072F RLA    
editorCurrentSong         000745 RLA    editorCursorMode          00071C RLA    
editorCursorX             00071A RLA    editorCursorY             00071B RLA    
editorDecoding            00009C RLZ    editorDrumAuxIndex        000719 RLA    
editorDrumSubMode         000718 RLA    editorEditDrumName        00072E RLA    
editorEditingBuffer       0007F0 RLA    editorEditingValue        0007EF RLA    
editorForceTrackLoad      000784 RLA    editorFoundEmpty          0007DF RLA    
editorInit                008000 RLA    editorLastDrumValue       0007E0 RLA    
editorLastPhraseValue     0007E1 RLA    editorLastSongLoop        0007E2 RLA    
editorMeterCounters       000775 RLA    editorMode                000716 RLA    
editorModeBeforeMenu      000786 RLA    editorMultiHintIndex      00009D RLZ    
editorMuteFlashIndex      000782 RLA    editorPatternForClone     0007DC REA    
editorPatternGroove       00076C RLA    editorPatternSpeed        00076B RLA    
editorPatternSteps        00076D RLA    editorPatternToCheck      0007DD RLA    
editorPhraseForClone      0007DC RLA    editorRefresh             00818A RLA    
editorSoloChannel         000781 RLA    editorSongBar             0004CC RLA    
editorSongLastPattern     0007F5 RLA    editorSongLoopLengthTemp  0007F4 RLA    
editorSongLoopStartTemp   0007F3 RLA    editorSongSpeedTemp       0007F1 RLA    
editorSongSwingTemp       0007F2 RLA    editorSongToCheck         0007DD REA    
editorSubModeIndexes      000727 RLA    editorTmp0                000085 RLZ    
editorTmp1                000086 RLZ    editorTmp2                000087 RLZ    
editorTmp3                000088 RLZ    editorTmp4                000089 RLZ    
editorTmp5                00008A RLZ    editorTrackDrum           00075F RLA    
editorTrackLastNote       000730 RLA    editorTrackLastTrigger    000736 RLA    
editorTrackPhrase         000765 RLA    editorTrackWipeSpeed      000774 RLA    
editorTriggerIndex        00073C RLA    editorWaitForAB           0007DA RLA    
editorWaitForClone        0007DB RLA    envAmpIndexA              0003F7 RLA    
envAmpIndexB              00040F RLA    envAmpIndexC              000427 RLA    
envAmpIndexD              00043F RLA    envCounterA               0003F1 RLA    
envCounterB               000409 RLA    envCounterC               000421 RLA    
envCounterD               000439 RLA    envGateTimerA             0003FD RLA    
envGateTimerB             000415 RLA    envGateTimerC             00042D RLA    
envGateTimerD             000445 RLA    envPhaseA                 0003EB RLA    
envPhaseB                 000403 RLA    envPhaseC                 00041B RLA    
envPhaseD                 000433 RLA    errorCount                000083 RLZ    
errorScreen               008A0E RLA    freqHiA                   000373 RLA    
freqHiB                   000385 RLA    freqHiC                   000397 RLA    
freqLoA                   00036D RLA    freqLoB                   00037F RLA    
freqLoC                   000391 RLA    freqLoD                   00039D RLA    
hardFreqA                 00046F RLA    hardFreqB                 000475 RLA    
initGraphics              008A7E RLA    initSound                 008000 RLA    
jumpVector                000061 RLZ    keyDelayA                 000755 RLA    
keyDelayB                 000754 RLA    keyDelayLR                000757 RLA    
keyDelayUD                000756 RLA    keyReleaseA               000753 RLA    
keyReleaseB               000750 RLA    keyReleaseSelect          00075B RLA    
keyReleaseStart           000759 RLA    keyRepeatA                000752 RLA    
keyRepeatB                00074F RLA    keyRepeatCounterLR        00074E RLA    
keyRepeatCounterUD        00074A RLA    keyRepeatLR               00074C RLA    
keyRepeatOldLR            00074D RLA    keyRepeatOldUD            000749 RLA    
keyRepeatRateLR           00074B RLA    keyRepeatRateUD           000747 RLA    
keyRepeatSelect           00075A RLA    keyRepeatStart            000758 RLA    
keyRepeatUD               000748 RLA    keyStopB                  000751 RLA    
lastDrumParameterValue    00072D RLA    lastNoteTrack             0004B1 RLA    
lfoCounterA               0003A3 RLA    lfoCounterB               0003B5 RLA    
lfoCounterC               0003C7 RLA    lfoCounterD               0003D9 RLA    
lfoDelCounterA            0003A9 RLA    lfoDelCounterB            0003BB RLA    
lfoDelCounterC            0003CD RLA    lfoDelCounterD            0003DF RLA    
lfoPhaseA                 0003AF RLA    lfoPhaseB                 0003C1 RLA    
lfoPhaseC                 0003D3 RLA    lfoPhaseD                 0003E5 RLA    
maxDma                    000084 RLZ    noteCounter               00034E RLA    
noteNumberA0              000300 RLA    noteNumberA1              000303 RLA    
noteNumberA2              000306 RLA    noteNumberA3              000309 RLA    
noteNumberA4              00030C RLA    noteNumberA5              00030F RLA    
noteNumberB0              000312 RLA    noteNumberB1              000315 RLA    
noteNumberB2              000318 RLA    noteNumberB3              00031B RLA    
noteNumberB4              00031E RLA    noteNumberB5              000321 RLA    
noteNumberC0              000324 RLA    noteNumberC1              000327 RLA    
noteNumberC2              00032A RLA    noteNumberC3              00032D RLA    
noteNumberC4              000330 RLA    noteNumberC5              000333 RLA    
noteNumberD0              000336 RLA    noteNumberD1              000339 RLA    
noteNumberD2              00033C RLA    noteNumberD3              00033F RLA    
noteNumberD4              000342 RLA    noteNumberD5              000345 RLA    
noteNumberE0              000348 RLA    noteTrack                 0004AB RLA    
oldPrgBank                000014 RLZ    oldWramBank               000016 RLZ    
patternIndex              0004C8 RLA    patternTableHi            00C420 RLA    
patternTableLo            00C320 RLA    patterns                  006000 RLA    
patternsUsed              007EE0 RLA    phraseBanks               00C6A0 RLA    
phraseTableHi             00C5E0 RLA    phraseTableLo             00C520 RLA    
phrases0                  006020 RLA    phrases1                  006000 RLA    
phrasesUsed               007000 RLA    playNotes                 008159 RLA    
plyrCurrentPattern        0004C9 RLA    plyrCurrentSong           000746 RLA    
plyrDpcmOn                00049F RLA    plyrEchoAttn              0007E5 RLA    
plyrEchoCounter           0007EA RLA    plyrEchoIndex             0007E3 RLA    
plyrEchoInitAttnA         0007E6 RLA    plyrEchoInitAttnB         0007E7 RLA    
plyrEchoInitAttnD         0007E8 RLA    plyrEchoNoteCount         0007EB RLA    
plyrEchoSelect            0007E9 RLA    plyrEchoSpeed             0007E4 RLA    
plyrEchoWrite             0007EC RLA    plyrMode                  0007D8 RLA    
plyrModeOld               0007D9 RLA    plyrNextPattern           0004CA RLA    
plyrPatternGroove         0004DA RLA    plyrPatternSpeed          0004D9 RLA    
plyrSetupSong             00808D RLA    plyrSongBar               0004CB RLA    
plyrTmp0                  00008C RLZ    plyrTmp1                  00008D RLZ    
plyrTmp2                  00008E RLZ    plyrTmp3                  00008F RLZ    
plyrTrackDrum             0004CD RLA    plyrTrackPhrase           0004D3 RLA    
plyrUpdateEchoIndex       00811A RLA    previousEditorMode        000717 RLA    
processVector             00005D RLZ    process_DMA_queue         008000 RLA    
retriggerCount            0004BD RLA    retriggerSpeed            0004B7 RLA    
retriggerTemp             0004C3 RLA    scnCopyInfoBuffer         0006EC RLA    
scnDrumAuxBuffer          0006BE RLA    scnGridBuffer             000601 RLA    
scnGridPatternBuffer      0006E4 RLA    scnSongBuffer             000708 RLA    
scnTrackDrumBuffer        0006CC RLA    scnTriggerBuffer          000661 RLA    
scnVoiceABuffer           00066C RLA    scnVoiceBBuffer           000682 RLA    
scnVoiceCBuffer           000698 RLA    scnVoiceDBuffer           0006A6 RLA    
scnVoiceEBuffer           0006B4 RLA    setMMC1r1                 00C7A0 RLA    
slideA                    00048D RLA    slideB                    000493 RLA    
slideC                    000499 RLA    songEchoDecay             0074E0 RLA    
songEchoLevelA            0071E0 RLA    songEchoLevelB            0072E0 RLA    
songEchoLevelD            0073E0 RLA    songEchoSelect            0070E0 RLA    
songEchoSpeed             0075E0 RLA    songLoopLengthTable       0070C8 RLA    
songLoopStartTable        0070C0 RLA    songSpeedTable            0070D0 RLA    
songSwingTable            0070D8 RLA    songTableHi               00C768 RLA    
songTableLo               00C760 RLA    songs                     0076E0 RLA    
sprBuf                    000200 RLA    synthRefresh              008000 RLA    
tmp0                      000017 RLZ    tmp1                      000018 RLZ    
triggerCopyBuffer         00076F RLA    triggerTmp                0004C4 RLA    
vblankFlag                000010 RLZ    vblankLastFlag            000011 RLZ    
voiceActive               0004A5 RLA    


Exports list by value:
----------------------
vblankFlag                000010 RLZ    vblankLastFlag            000011 RLZ    
doNotInterrupt            000012 RLZ    curPrgBank                000013 RLZ    
oldPrgBank                000014 RLZ    curWramBank               000015 RLZ    
oldWramBank               000016 RLZ    tmp0                      000017 RLZ    
tmp1                      000018 RLZ    debug0                    00001C RLZ    
VAPU_00                   00001E REZ    VAPU_02                   000020 REZ    
VAPU_03                   000021 REZ    VAPU_04                   000022 REZ    
VAPU_06                   000024 REZ    VAPU_07                   000025 REZ    
VAPU_08                   000026 REZ    VAPU_0A                   000028 REZ    
VAPU_0B                   000029 REZ    VAPU_0C                   00002A REZ    
VAPU_0E                   00002C REZ    VAPU_10                   00002E REZ    
VAPU_11                   00002F REZ    VAPU_12                   000030 REZ    
VAPU_13                   000031 REZ    VAPU_03_OLD               000033 RLZ    
VAPU_07_OLD               000034 RLZ    PAD1_jt                   000035 RLZ    
PAD1_lr                   000037 RLZ    PAD1_ud                   000038 RLZ    
PAD1_str                  000039 RLZ    PAD1_sel                  00003A RLZ    
PAD1_fireb                00003B RLZ    PAD1_firea                00003C RLZ    
PAD1_oldlr                00003D RLZ    PAD1_dlr                  000043 RLZ    
PAD1_dud                  000044 RLZ    PAD2_jt                   000049 RLZ    
PAD2_lr                   00004B RLZ    PAD2_ud                   00004C RLZ    
PAD2_oldlr                000051 RLZ    PAD2_dlr                  000057 RLZ    
processVector             00005D RLZ    editModeVector            00005F RLZ    
jumpVector                000061 RLZ    dmaProcessBuffer          000063 RLZ    
errorCount                000083 RLZ    maxDma                    000084 RLZ    
editorTmp0                000085 RLZ    editorTmp1                000086 RLZ    
editorTmp2                000087 RLZ    editorTmp3                000088 RLZ    
editorTmp4                000089 RLZ    editorTmp5                00008A RLZ    
plyrTmp0                  00008C RLZ    plyrTmp1                  00008D RLZ    
plyrTmp2                  00008E RLZ    plyrTmp3                  00008F RLZ    
editorDecoding            00009C RLZ    editorMultiHintIndex      00009D RLZ    
SPR00_Y                   000200 RLA    sprBuf                    000200 RLA    
SPR00_CHAR                000201 RLA    SPR00_ATTR                000202 RLA    
SPR00_X                   000203 RLA    SPR01_Y                   000204 RLA    
SPR01_CHAR                000205 RLA    SPR01_X                   000207 RLA    
SPR02_Y                   000208 RLA    SPR02_X                   00020B RLA    
SPR03_Y                   00020C RLA    SPR03_X                   00020F RLA    
SPR04_Y                   000210 RLA    SPR04_X                   000213 RLA    
SPR05_Y                   000214 RLA    SPR05_CHAR                000215 RLA    
SPR0A_Y                   000228 RLA    SPR0A_CHAR                000229 RLA    
SPR0A_X                   00022B RLA    SPR0B_Y                   00022C RLA    
SPR0B_CHAR                00022D RLA    SPR0B_X                   00022F RLA    
SPR0C_Y                   000230 RLA    SPR0C_CHAR                000231 RLA    
SPR0C_X                   000233 RLA    SPR0D_Y                   000234 RLA    
SPR0D_CHAR                000235 RLA    SPR0D_X                   000237 RLA    
SPR0E_Y                   000238 RLA    SPR0E_X                   00023B RLA    
SPR0F_Y                   00023C RLA    SPR0F_X                   00023F RLA    
SPR10_CHAR                000241 RLA    SPR16_Y                   000258 RLA    
SPR16_CHAR                000259 RLA    SPR16_X                   00025B RLA    
SPR17_Y                   00025C RLA    SPR17_CHAR                00025D RLA    
SPR17_X                   00025F RLA    SPR18_Y                   000260 RLA    
SPR18_CHAR                000261 RLA    SPR18_X                   000263 RLA    
SPR19_Y                   000264 RLA    SPR19_CHAR                000265 RLA    
SPR19_X                   000267 RLA    SPR1A_CHAR                000269 RLA    
SPR1A_ATTR                00026A RLA    SPR1B_CHAR                00026D RLA    
SPR1B_ATTR                00026E RLA    SPR1C_CHAR                000271 RLA    
SPR1D_CHAR                000275 RLA    noteNumberA0              000300 RLA    
arpNotesA0                000301 RLA    noteNumberA1              000303 RLA    
noteNumberA2              000306 RLA    noteNumberA3              000309 RLA    
noteNumberA4              00030C RLA    noteNumberA5              00030F RLA    
noteNumberB0              000312 RLA    arpNotesB0                000313 RLA    
noteNumberB1              000315 RLA    noteNumberB2              000318 RLA    
noteNumberB3              00031B RLA    noteNumberB4              00031E RLA    
noteNumberB5              000321 RLA    noteNumberC0              000324 RLA    
arpNotesC0                000325 RLA    noteNumberC1              000327 RLA    
noteNumberC2              00032A RLA    noteNumberC3              00032D RLA    
noteNumberC4              000330 RLA    noteNumberC5              000333 RLA    
noteNumberD0              000336 RLA    arpNotesD0                000337 RLA    
noteNumberD1              000339 RLA    noteNumberD2              00033C RLA    
noteNumberD3              00033F RLA    noteNumberD4              000342 RLA    
noteNumberD5              000345 RLA    noteNumberE0              000348 RLA    
noteCounter               00034E RLA    freqLoA                   00036D RLA    
freqHiA                   000373 RLA    freqLoB                   00037F RLA    
freqHiB                   000385 RLA    freqLoC                   000391 RLA    
freqHiC                   000397 RLA    freqLoD                   00039D RLA    
lfoCounterA               0003A3 RLA    lfoDelCounterA            0003A9 RLA    
lfoPhaseA                 0003AF RLA    lfoCounterB               0003B5 RLA    
lfoDelCounterB            0003BB RLA    lfoPhaseB                 0003C1 RLA    
lfoCounterC               0003C7 RLA    lfoDelCounterC            0003CD RLA    
lfoPhaseC                 0003D3 RLA    lfoCounterD               0003D9 RLA    
lfoDelCounterD            0003DF RLA    lfoPhaseD                 0003E5 RLA    
envPhaseA                 0003EB RLA    envCounterA               0003F1 RLA    
envAmpIndexA              0003F7 RLA    envGateTimerA             0003FD RLA    
envPhaseB                 000403 RLA    envCounterB               000409 RLA    
envAmpIndexB              00040F RLA    envGateTimerB             000415 RLA    
envPhaseC                 00041B RLA    envCounterC               000421 RLA    
envAmpIndexC              000427 RLA    envGateTimerC             00042D RLA    
envPhaseD                 000433 RLA    envCounterD               000439 RLA    
envAmpIndexD              00043F RLA    envGateTimerD             000445 RLA    
dutyIndexA                00044B RLA    dutyCounterA              000451 RLA    
dutyWidthA                000457 RLA    dutyIndexB                00045D RLA    
dutyCounterB              000463 RLA    dutyWidthB                000469 RLA    
hardFreqA                 00046F RLA    hardFreqB                 000475 RLA    
detuneA                   00047B RLA    detuneB                   000481 RLA    
detuneC                   000487 RLA    slideA                    00048D RLA    
slideB                    000493 RLA    slideC                    000499 RLA    
plyrDpcmOn                00049F RLA    voiceActive               0004A5 RLA    
noteTrack                 0004AB RLA    lastNoteTrack             0004B1 RLA    
retriggerSpeed            0004B7 RLA    retriggerCount            0004BD RLA    
retriggerTemp             0004C3 RLA    triggerTmp                0004C4 RLA    
patternIndex              0004C8 RLA    plyrCurrentPattern        0004C9 RLA    
plyrNextPattern           0004CA RLA    plyrSongBar               0004CB RLA    
editorSongBar             0004CC RLA    plyrTrackDrum             0004CD RLA    
plyrTrackPhrase           0004D3 RLA    plyrPatternSpeed          0004D9 RLA    
plyrPatternGroove         0004DA RLA    drumParameters0           0004E1 REA    
drumParameters1           000511 REA    drumParameters2           000541 REA    
drumParameters3           000571 REA    drumParameters4           0005A1 REA    
drumParameters5           0005D1 REA    scnGridBuffer             000601 RLA    
scnTriggerBuffer          000661 RLA    scnVoiceABuffer           00066C RLA    
scnVoiceBBuffer           000682 RLA    scnVoiceCBuffer           000698 RLA    
scnVoiceDBuffer           0006A6 RLA    scnVoiceEBuffer           0006B4 RLA    
scnDrumAuxBuffer          0006BE RLA    scnTrackDrumBuffer        0006CC RLA    
scnGridPatternBuffer      0006E4 RLA    scnCopyInfoBuffer         0006EC RLA    
scnSongBuffer             000708 RLA    editorMode                000716 RLA    
previousEditorMode        000717 RLA    editorDrumSubMode         000718 RLA    
editorDrumAuxIndex        000719 RLA    editorCursorX             00071A RLA    
editorCursorY             00071B RLA    editorCursorMode          00071C RLA    
cursorX_grid              00071D RLA    cursorY_grid              00071E RLA    
cursorY_editMenu          000723 RLA    cursorX_track             000724 RLA    
cursorDrumMin             000725 RLA    cursorDrumMax             000726 RLA    
editorSubModeIndexes      000727 RLA    editPatternInfoSubMode    00072C RLA    
lastDrumParameterValue    00072D RLA    editorEditDrumName        00072E RLA    
editorCurrentPattern      00072F RLA    editorTrackLastNote       000730 RLA    
editorTrackLastTrigger    000736 RLA    editorTriggerIndex        00073C RLA    
editSongIndex             000742 RLA    editSongMode              000743 RLA    
editSongModeRecord        000744 RLA    editorCurrentSong         000745 RLA    
plyrCurrentSong           000746 RLA    keyRepeatRateUD           000747 RLA    
keyRepeatUD               000748 RLA    keyRepeatOldUD            000749 RLA    
keyRepeatCounterUD        00074A RLA    keyRepeatRateLR           00074B RLA    
keyRepeatLR               00074C RLA    keyRepeatOldLR            00074D RLA    
keyRepeatCounterLR        00074E RLA    keyRepeatB                00074F RLA    
keyReleaseB               000750 RLA    keyStopB                  000751 RLA    
keyRepeatA                000752 RLA    keyReleaseA               000753 RLA    
keyDelayB                 000754 RLA    keyDelayA                 000755 RLA    
keyDelayUD                000756 RLA    keyDelayLR                000757 RLA    
keyRepeatStart            000758 RLA    keyReleaseStart           000759 RLA    
keyRepeatSelect           00075A RLA    keyReleaseSelect          00075B RLA    
cursorFlashIndex          00075C RLA    cursorFlashColour         00075D RLA    
editorCurrentDrum         00075E RLA    editorTrackDrum           00075F RLA    
editorTrackPhrase         000765 RLA    editorPatternSpeed        00076B RLA    
editorPatternGroove       00076C RLA    editorPatternSteps        00076D RLA    
triggerCopyBuffer         00076F RLA    editorTrackWipeSpeed      000774 RLA    
editorMeterCounters       000775 RLA    editorChannelStatus       00077B RLA    
editorSoloChannel         000781 RLA    editorMuteFlashIndex      000782 RLA    
editorCopyInfoTimer       000783 RLA    editorForceTrackLoad      000784 RLA    
editMenuActive            000785 RLA    editorModeBeforeMenu      000786 RLA    
editCopyBuffer            000787 RLA    plyrMode                  0007D8 RLA    
plyrModeOld               0007D9 RLA    editorWaitForAB           0007DA RLA    
editorWaitForClone        0007DB RLA    editorPhraseForClone      0007DC RLA    
editorPatternForClone     0007DC REA    editorPatternToCheck      0007DD RLA    
editorSongToCheck         0007DD REA    editorFoundEmpty          0007DF RLA    
editorLastDrumValue       0007E0 RLA    editorLastPhraseValue     0007E1 RLA    
editorLastSongLoop        0007E2 RLA    plyrEchoIndex             0007E3 RLA    
plyrEchoSpeed             0007E4 RLA    plyrEchoAttn              0007E5 RLA    
plyrEchoInitAttnA         0007E6 RLA    plyrEchoInitAttnB         0007E7 RLA    
plyrEchoInitAttnD         0007E8 RLA    plyrEchoSelect            0007E9 RLA    
plyrEchoCounter           0007EA RLA    plyrEchoNoteCount         0007EB RLA    
plyrEchoWrite             0007EC RLA    editorEditingValue        0007EF RLA    
editorEditingBuffer       0007F0 RLA    editorSongSpeedTemp       0007F1 RLA    
editorSongSwingTemp       0007F2 RLA    editorSongLoopStartTemp   0007F3 RLA    
editorSongLoopLengthTemp  0007F4 RLA    editorSongLastPattern     0007F5 RLA    
phrases1                  006000 RLA    PR8_HEADER                006000 RLA    
patterns                  006000 RLA    drums                     006000 RLA    
phrases0                  006020 RLA    phrasesUsed               007000 RLA    
songLoopStartTable        0070C0 RLA    songLoopLengthTable       0070C8 RLA    
songSpeedTable            0070D0 RLA    songSwingTable            0070D8 RLA    
songEchoSelect            0070E0 RLA    songEchoLevelA            0071E0 RLA    
songEchoLevelB            0072E0 RLA    songEchoLevelD            0073E0 RLA    
songEchoDecay             0074E0 RLA    songEchoSpeed             0075E0 RLA    
songs                     0076E0 RLA    echoBufferA_0             007800 RLA    
echoBufferA_2             007880 RLA    echoBufferA_3             007900 RLA    
echoBufferB_0             007980 RLA    echoBufferB_2             007A00 RLA    
echoBufferB_3             007A80 RLA    echoBufferD_0             007B00 RLA    
echoBufferD_2             007B80 RLA    patternsUsed              007EE0 RLA    
synthRefresh              008000 RLA    process_DMA_queue         008000 RLA    
initSound                 008000 RLA    editorInit                008000 RLA    
plyrSetupSong             00808D RLA    plyrUpdateEchoIndex       00811A RLA    
playNotes                 008159 RLA    editorRefresh             00818A RLA    
errorScreen               008A0E RLA    clearGraphics             008A3A RLA    
initGraphics              008A7E RLA    RESET                     00C000 RLA    
NMI                       00C127 RLA    IRQ                       00C16E RLA    
addProcessToBuffer        00C17B RLA    SET_BITS                  00C316 RLA    
patternTableLo            00C320 RLA    patternTableHi            00C420 RLA    
phraseTableLo             00C520 RLA    phraseTableHi             00C5E0 RLA    
phraseBanks               00C6A0 RLA    songTableLo               00C760 RLA    
songTableHi               00C768 RLA    setMMC1r1                 00C7A0 RLA    
dmcAddressTable           00C800 RLA    


Imports list:
-------------
IRQ (ROM_07.o):
    ROM_06.o                  pr8.h(668)
    ROM_05.o                  pr8.h(668)
    ROM_04.o                  pr8.h(668)
    ROM_03.o                  pr8.h(668)
    ROM_02.o                  pr8.h(668)
    ROM_01.o                  pr8.h(668)
    ROM_00.o                  pr8.h(668)
NMI (ROM_07.o):
    ROM_06.o                  pr8.h(668)
    ROM_05.o                  pr8.h(668)
    ROM_04.o                  pr8.h(668)
    ROM_03.o                  pr8.h(668)
    ROM_02.o                  pr8.h(668)
    ROM_01.o                  pr8.h(668)
    ROM_00.o                  pr8.h(668)
PAD1_dlr (pr8_vars.o):
    ROM_07.o                  pr8.h(341)
    ROM_00.o                  pr8.h(341)
PAD1_dud (pr8_vars.o):
    ROM_00.o                  pr8.h(342)
PAD1_firea (pr8_vars.o):
    ROM_00.o                  pr8.h(337)
PAD1_fireb (pr8_vars.o):
    ROM_00.o                  pr8.h(336)
PAD1_jt (pr8_vars.o):
    ROM_07.o                  pr8.h(330)
PAD1_lr (pr8_vars.o):
    ROM_07.o                  pr8.h(332)
    ROM_00.o                  pr8.h(332)
PAD1_oldlr (pr8_vars.o):
    ROM_07.o                  pr8.h(339)
PAD1_sel (pr8_vars.o):
    ROM_00.o                  pr8.h(335)
PAD1_str (pr8_vars.o):
    ROM_00.o                  pr8.h(334)
PAD1_ud (pr8_vars.o):
    ROM_07.o                  pr8.h(333)
    ROM_00.o                  pr8.h(333)
PAD2_dlr (pr8_vars.o):
    ROM_07.o                  pr8.h(359)
PAD2_jt (pr8_vars.o):
    ROM_07.o                  pr8.h(348)
PAD2_lr (pr8_vars.o):
    ROM_07.o                  pr8.h(350)
PAD2_oldlr (pr8_vars.o):
    ROM_07.o                  pr8.h(357)
PAD2_ud (pr8_vars.o):
    ROM_07.o                  pr8.h(351)
PR8_HEADER (pr8_vars.o):
    ROM_00.o                  pr8.h(730)
RESET (ROM_07.o):
    ROM_06.o                  pr8.h(668)
    ROM_05.o                  pr8.h(668)
    ROM_04.o                  pr8.h(668)
    ROM_03.o                  pr8.h(668)
    ROM_02.o                  pr8.h(668)
    ROM_01.o                  pr8.h(668)
    ROM_00.o                  pr8.h(668)
SET_BITS (ROM_07.o):
    ROM_00.o                  pr8.h(687)
SPR00_ATTR (pr8_vars.o):
    ROM_05.o                  pr8.h(543)
SPR00_CHAR (pr8_vars.o):
    ROM_05.o                  pr8.h(543)
    ROM_00.o                  pr8.h(543)
SPR00_X (pr8_vars.o):
    ROM_05.o                  pr8.h(543)
    ROM_00.o                  pr8.h(543)
SPR00_Y (pr8_vars.o):
    ROM_05.o                  pr8.h(543)
    ROM_00.o                  pr8.h(543)
SPR01_CHAR (pr8_vars.o):
    ROM_00.o                  pr8.h(544)
SPR01_X (pr8_vars.o):
    ROM_00.o                  pr8.h(544)
SPR01_Y (pr8_vars.o):
    ROM_00.o                  pr8.h(544)
SPR02_X (pr8_vars.o):
    ROM_00.o                  pr8.h(545)
SPR02_Y (pr8_vars.o):
    ROM_00.o                  pr8.h(545)
SPR03_X (pr8_vars.o):
    ROM_00.o                  pr8.h(546)
SPR03_Y (pr8_vars.o):
    ROM_00.o                  pr8.h(546)
SPR04_X (pr8_vars.o):
    ROM_00.o                  pr8.h(547)
SPR04_Y (pr8_vars.o):
    ROM_00.o                  pr8.h(547)
SPR05_CHAR (pr8_vars.o):
    ROM_00.o                  pr8.h(548)
SPR05_Y (pr8_vars.o):
    ROM_00.o                  pr8.h(548)
SPR0A_CHAR (pr8_vars.o):
    ROM_00.o                  pr8.h(553)
SPR0A_X (pr8_vars.o):
    ROM_00.o                  pr8.h(553)
SPR0A_Y (pr8_vars.o):
    ROM_00.o                  pr8.h(553)
SPR0B_CHAR (pr8_vars.o):
    ROM_00.o                  pr8.h(554)
SPR0B_X (pr8_vars.o):
    ROM_00.o                  pr8.h(554)
SPR0B_Y (pr8_vars.o):
    ROM_00.o                  pr8.h(554)
SPR0C_CHAR (pr8_vars.o):
    ROM_00.o                  pr8.h(555)
SPR0C_X (pr8_vars.o):
    ROM_00.o                  pr8.h(555)
SPR0C_Y (pr8_vars.o):
    ROM_00.o                  pr8.h(555)
SPR0D_CHAR (pr8_vars.o):
    ROM_00.o                  pr8.h(556)
SPR0D_X (pr8_vars.o):
    ROM_00.o                  pr8.h(556)
SPR0D_Y (pr8_vars.o):
    ROM_00.o                  pr8.h(556)
SPR0E_X (pr8_vars.o):
    ROM_00.o                  pr8.h(557)
SPR0E_Y (pr8_vars.o):
    ROM_00.o                  pr8.h(557)
SPR0F_X (pr8_vars.o):
    ROM_00.o                  pr8.h(558)
SPR0F_Y (pr8_vars.o):
    ROM_00.o                  pr8.h(558)
SPR10_CHAR (pr8_vars.o):
    ROM_00.o                  pr8.h(560)
SPR16_CHAR (pr8_vars.o):
    ROM_00.o                  pr8.h(567)
SPR16_X (pr8_vars.o):
    ROM_00.o                  pr8.h(567)
SPR16_Y (pr8_vars.o):
    ROM_00.o                  pr8.h(567)
SPR17_CHAR (pr8_vars.o):
    ROM_00.o                  pr8.h(568)
SPR17_X (pr8_vars.o):
    ROM_00.o                  pr8.h(568)
SPR17_Y (pr8_vars.o):
    ROM_00.o                  pr8.h(568)
SPR18_CHAR (pr8_vars.o):
    ROM_00.o                  pr8.h(569)
SPR18_X (pr8_vars.o):
    ROM_00.o                  pr8.h(569)
SPR18_Y (pr8_vars.o):
    ROM_00.o                  pr8.h(569)
SPR19_CHAR (pr8_vars.o):
    ROM_00.o                  pr8.h(570)
SPR19_X (pr8_vars.o):
    ROM_00.o                  pr8.h(570)
SPR19_Y (pr8_vars.o):
    ROM_00.o                  pr8.h(570)
SPR1A_ATTR (pr8_vars.o):
    ROM_00.o                  pr8.h(572)
SPR1A_CHAR (pr8_vars.o):
    ROM_00.o                  pr8.h(572)
SPR1B_ATTR (pr8_vars.o):
    ROM_00.o                  pr8.h(573)
SPR1B_CHAR (pr8_vars.o):
    ROM_00.o                  pr8.h(573)
SPR1C_CHAR (pr8_vars.o):
    ROM_00.o                  pr8.h(575)
SPR1D_CHAR (pr8_vars.o):
    ROM_00.o                  pr8.h(576)
VAPU_00 (pr8_vars.o):
    ROM_02.o                  pr8.h(371)
    ROM_01.o                  pr8.h(371)
VAPU_02 (pr8_vars.o):
    ROM_02.o                  pr8.h(371)
VAPU_03 (pr8_vars.o):
    ROM_02.o                  pr8.h(371)
VAPU_03_OLD (pr8_vars.o):
    ROM_02.o                  pr8.h(327)
    ROM_01.o                  pr8.h(327)
VAPU_04 (pr8_vars.o):
    ROM_02.o                  pr8.h(372)
    ROM_01.o                  pr8.h(372)
VAPU_06 (pr8_vars.o):
    ROM_02.o                  pr8.h(372)
VAPU_07 (pr8_vars.o):
    ROM_02.o                  pr8.h(372)
VAPU_07_OLD (pr8_vars.o):
    ROM_02.o                  pr8.h(328)
    ROM_01.o                  pr8.h(328)
VAPU_08 (pr8_vars.o):
    ROM_02.o                  pr8.h(373)
    ROM_01.o                  pr8.h(373)
VAPU_0A (pr8_vars.o):
    ROM_02.o                  pr8.h(373)
VAPU_0B (pr8_vars.o):
    ROM_02.o                  pr8.h(373)
VAPU_0C (pr8_vars.o):
    ROM_02.o                  pr8.h(374)
    ROM_01.o                  pr8.h(374)
VAPU_0E (pr8_vars.o):
    ROM_02.o                  pr8.h(374)
VAPU_10 (pr8_vars.o):
    ROM_02.o                  pr8.h(375)
    ROM_01.o                  pr8.h(375)
VAPU_11 (pr8_vars.o):
    ROM_02.o                  pr8.h(375)
    ROM_01.o                  pr8.h(375)
VAPU_12 (pr8_vars.o):
    ROM_02.o                  pr8.h(375)
    ROM_01.o                  pr8.h(375)
VAPU_13 (pr8_vars.o):
    ROM_02.o                  pr8.h(375)
    ROM_01.o                  pr8.h(375)
addProcessToBuffer (ROM_07.o):
    ROM_00.o                  pr8.h(685)
arpNotesA0 (pr8_vars.o):
    ROM_01.o                  pr8.h(392)
arpNotesB0 (pr8_vars.o):
    ROM_01.o                  pr8.h(405)
arpNotesC0 (pr8_vars.o):
    ROM_01.o                  pr8.h(418)
arpNotesD0 (pr8_vars.o):
    ROM_01.o                  pr8.h(431)
clearGraphics (ROM_05.o):
    ROM_07.o                  pr8.h(671)
curPrgBank (pr8_vars.o):
    ROM_07.o                  pr8.h(317)
curWramBank (pr8_vars.o):
    ROM_07.o                  pr8.h(317)
    ROM_01.o                  pr8.h(317)
cursorDrumMax (pr8_vars.o):
    ROM_00.o                  pr8.h(625)
cursorDrumMin (pr8_vars.o):
    ROM_00.o                  pr8.h(625)
cursorFlashColour (pr8_vars.o):
    ROM_07.o                  pr8.h(619)
    ROM_00.o                  pr8.h(619)
cursorFlashIndex (pr8_vars.o):
    ROM_00.o                  pr8.h(619)
cursorX_grid (pr8_vars.o):
    ROM_00.o                  pr8.h(583)
cursorX_track (pr8_vars.o):
    ROM_07.o                  pr8.h(587)
    ROM_00.o                  pr8.h(587)
cursorY_editMenu (pr8_vars.o):
    ROM_00.o                  pr8.h(586)
cursorY_grid (pr8_vars.o):
    ROM_00.o                  pr8.h(583)
debug0 (pr8_vars.o):
    ROM_07.o                  pr8.h(323)
detuneA (pr8_vars.o):
    ROM_02.o                  pr8.h(528)
    ROM_01.o                  pr8.h(528)
detuneB (pr8_vars.o):
    ROM_02.o                  pr8.h(528)
    ROM_01.o                  pr8.h(528)
detuneC (pr8_vars.o):
    ROM_02.o                  pr8.h(528)
    ROM_01.o                  pr8.h(528)
dmaProcessBuffer (pr8_vars.o):
    ROM_07.o                  pr8.h(366)
    ROM_05.o                  pr8.h(366)
    ROM_00.o                  pr8.h(366)
dmcAddressTable (ROM_07.o):
    ROM_01.o                  pr8.h(693)
doNotInterrupt (pr8_vars.o):
    ROM_07.o                  pr8.h(316)
    ROM_00.o                  pr8.h(316)
drumParameters0 (pr8_vars.o):
    ROM_02.o                  pr8.h(530)
    ROM_01.o                  pr8.h(530)
drumParameters1 (pr8_vars.o):
    ROM_02.o                  pr8.h(530)
    ROM_01.o                  pr8.h(530)
drumParameters2 (pr8_vars.o):
    ROM_02.o                  pr8.h(530)
    ROM_01.o                  pr8.h(530)
drumParameters3 (pr8_vars.o):
    ROM_02.o                  pr8.h(530)
    ROM_01.o                  pr8.h(530)
drumParameters4 (pr8_vars.o):
    ROM_02.o                  pr8.h(531)
    ROM_01.o                  pr8.h(531)
drumParameters5 (pr8_vars.o):
    ROM_02.o                  pr8.h(531)
    ROM_01.o                  pr8.h(531)
drums (pr8_vars.o):
    ROM_01.o                  pr8.h(662)
    ROM_00.o                  pr8.h(662)
dutyCounterA (pr8_vars.o):
    ROM_02.o                  pr8.h(506)
    ROM_01.o                  pr8.h(506)
dutyCounterB (pr8_vars.o):
    ROM_02.o                  pr8.h(510)
    ROM_01.o                  pr8.h(510)
dutyIndexA (pr8_vars.o):
    ROM_02.o                  pr8.h(505)
    ROM_01.o                  pr8.h(505)
dutyIndexB (pr8_vars.o):
    ROM_02.o                  pr8.h(509)
    ROM_01.o                  pr8.h(509)
dutyWidthA (pr8_vars.o):
    ROM_02.o                  pr8.h(507)
dutyWidthB (pr8_vars.o):
    ROM_02.o                  pr8.h(511)
echoBufferA_0 (pr8_vars.o):
    ROM_02.o                  pr8.h(706)
    ROM_01.o                  pr8.h(706)
echoBufferA_2 (pr8_vars.o):
    ROM_02.o                  pr8.h(706)
    ROM_01.o                  pr8.h(706)
echoBufferA_3 (pr8_vars.o):
    ROM_02.o                  pr8.h(706)
    ROM_01.o                  pr8.h(706)
echoBufferB_0 (pr8_vars.o):
    ROM_02.o                  pr8.h(707)
    ROM_01.o                  pr8.h(707)
echoBufferB_2 (pr8_vars.o):
    ROM_02.o                  pr8.h(707)
    ROM_01.o                  pr8.h(707)
echoBufferB_3 (pr8_vars.o):
    ROM_02.o                  pr8.h(707)
    ROM_01.o                  pr8.h(707)
echoBufferD_0 (pr8_vars.o):
    ROM_02.o                  pr8.h(708)
    ROM_01.o                  pr8.h(708)
echoBufferD_2 (pr8_vars.o):
    ROM_02.o                  pr8.h(708)
    ROM_01.o                  pr8.h(708)
editCopyBuffer (pr8_vars.o):
    ROM_00.o                  pr8.h(639)
editMenuActive (pr8_vars.o):
    ROM_00.o                  pr8.h(637)
editModeVector (pr8_vars.o):
    ROM_00.o                  pr8.h(377)
editPatternInfoSubMode (pr8_vars.o):
    ROM_00.o                  pr8.h(640)
editSongIndex (pr8_vars.o):
    ROM_00.o                  pr8.h(592)
editSongMode (pr8_vars.o):
    ROM_01.o                  pr8.h(592)
    ROM_00.o                  pr8.h(592)
editSongModeRecord (pr8_vars.o):
    ROM_00.o                  pr8.h(592)
editorChannelStatus (pr8_vars.o):
    ROM_01.o                  pr8.h(595)
    ROM_00.o                  pr8.h(595)
editorCopyInfoTimer (pr8_vars.o):
    ROM_00.o                  pr8.h(634)
editorCurrentDrum (pr8_vars.o):
    ROM_00.o                  pr8.h(621)
editorCurrentPattern (pr8_vars.o):
    ROM_00.o                  pr8.h(585)
editorCurrentSong (pr8_vars.o):
    ROM_00.o                  pr8.h(588)
editorCursorMode (pr8_vars.o):
    ROM_00.o                  pr8.h(584)
editorCursorX (pr8_vars.o):
    ROM_00.o                  pr8.h(584)
editorCursorY (pr8_vars.o):
    ROM_00.o                  pr8.h(584)
editorDecoding (pr8_vars.o):
    ROM_07.o                  pr8.h(383)
    ROM_00.o                  pr8.h(383)
editorDrumAuxIndex (pr8_vars.o):
    ROM_00.o                  pr8.h(626)
editorDrumSubMode (pr8_vars.o):
    ROM_00.o                  pr8.h(626)
editorEditDrumName (pr8_vars.o):
    ROM_00.o                  pr8.h(630)
editorEditingBuffer (pr8_vars.o):
    ROM_00.o                  pr8.h(718)
editorEditingValue (pr8_vars.o):
    ROM_00.o                  pr8.h(718)
editorForceTrackLoad (pr8_vars.o):
    ROM_01.o                  pr8.h(636)
    ROM_00.o                  pr8.h(636)
editorFoundEmpty (pr8_vars.o):
    ROM_00.o                  pr8.h(645)
editorInit (ROM_00.o):
    ROM_07.o                  pr8.h(683)
editorLastDrumValue (pr8_vars.o):
    ROM_00.o                  pr8.h(652)
editorLastPhraseValue (pr8_vars.o):
    ROM_00.o                  pr8.h(652)
editorLastSongLoop (pr8_vars.o):
    ROM_00.o                  pr8.h(652)
editorMeterCounters (pr8_vars.o):
    ROM_01.o                  pr8.h(594)
    ROM_00.o                  pr8.h(594)
editorMode (pr8_vars.o):
    ROM_00.o                  pr8.h(582)
editorModeBeforeMenu (pr8_vars.o):
    ROM_00.o                  pr8.h(638)
editorMultiHintIndex (pr8_vars.o):
    ROM_00.o                  pr8.h(385)
editorMuteFlashIndex (pr8_vars.o):
    ROM_00.o                  pr8.h(595)
editorPatternForClone (pr8_vars.o):
    ROM_00.o                  pr8.h(647)
editorPatternGroove (pr8_vars.o):
    ROM_00.o                  pr8.h(622)
editorPatternSpeed (pr8_vars.o):
    ROM_00.o                  pr8.h(622)
editorPatternSteps (pr8_vars.o):
    ROM_00.o                  pr8.h(622)
editorPatternToCheck (pr8_vars.o):
    ROM_00.o                  pr8.h(644)
editorPhraseForClone (pr8_vars.o):
    ROM_00.o                  pr8.h(644)
editorRefresh (ROM_00.o):
    ROM_07.o                  pr8.h(697)
editorSoloChannel (pr8_vars.o):
    ROM_01.o                  pr8.h(595)
    ROM_00.o                  pr8.h(595)
editorSongBar (pr8_vars.o):
    ROM_00.o                  pr8.h(525)
editorSongLastPattern (pr8_vars.o):
    ROM_00.o                  pr8.h(655)
editorSongLoopLengthTemp (pr8_vars.o):
    ROM_00.o                  pr8.h(654)
editorSongLoopStartTemp (pr8_vars.o):
    ROM_00.o                  pr8.h(654)
editorSongSpeedTemp (pr8_vars.o):
    ROM_00.o                  pr8.h(654)
editorSongSwingTemp (pr8_vars.o):
    ROM_00.o                  pr8.h(654)
editorSongToCheck (pr8_vars.o):
    ROM_00.o                  pr8.h(647)
editorSubModeIndexes (pr8_vars.o):
    ROM_00.o                  pr8.h(626)
editorTmp0 (pr8_vars.o):
    ROM_00.o                  pr8.h(379)
editorTmp1 (pr8_vars.o):
    ROM_00.o                  pr8.h(379)
editorTmp2 (pr8_vars.o):
    ROM_00.o                  pr8.h(379)
editorTmp3 (pr8_vars.o):
    ROM_00.o                  pr8.h(379)
editorTmp4 (pr8_vars.o):
    ROM_00.o                  pr8.h(379)
editorTmp5 (pr8_vars.o):
    ROM_00.o                  pr8.h(379)
editorTrackDrum (pr8_vars.o):
    ROM_00.o                  pr8.h(622)
editorTrackLastNote (pr8_vars.o):
    ROM_00.o                  pr8.h(590)
editorTrackLastTrigger (pr8_vars.o):
    ROM_00.o                  pr8.h(590)
editorTrackPhrase (pr8_vars.o):
    ROM_00.o                  pr8.h(622)
editorTrackWipeSpeed (pr8_vars.o):
    ROM_00.o                  pr8.h(632)
editorTriggerIndex (pr8_vars.o):
    ROM_00.o                  pr8.h(591)
editorWaitForAB (pr8_vars.o):
    ROM_00.o                  pr8.h(643)
editorWaitForClone (pr8_vars.o):
    ROM_00.o                  pr8.h(644)
envAmpIndexA (pr8_vars.o):
    ROM_02.o                  pr8.h(487)
    ROM_01.o                  pr8.h(487)
envAmpIndexB (pr8_vars.o):
    ROM_02.o                  pr8.h(492)
    ROM_01.o                  pr8.h(492)
envAmpIndexC (pr8_vars.o):
    ROM_02.o                  pr8.h(497)
envAmpIndexD (pr8_vars.o):
    ROM_02.o                  pr8.h(502)
    ROM_01.o                  pr8.h(502)
envCounterA (pr8_vars.o):
    ROM_02.o                  pr8.h(486)
    ROM_01.o                  pr8.h(486)
envCounterB (pr8_vars.o):
    ROM_02.o                  pr8.h(491)
    ROM_01.o                  pr8.h(491)
envCounterC (pr8_vars.o):
    ROM_02.o                  pr8.h(496)
    ROM_01.o                  pr8.h(496)
envCounterD (pr8_vars.o):
    ROM_02.o                  pr8.h(501)
    ROM_01.o                  pr8.h(501)
envGateTimerA (pr8_vars.o):
    ROM_01.o                  pr8.h(488)
envGateTimerB (pr8_vars.o):
    ROM_01.o                  pr8.h(493)
envGateTimerC (pr8_vars.o):
    ROM_02.o                  pr8.h(498)
    ROM_01.o                  pr8.h(498)
envGateTimerD (pr8_vars.o):
    ROM_01.o                  pr8.h(503)
envPhaseA (pr8_vars.o):
    ROM_02.o                  pr8.h(485)
    ROM_01.o                  pr8.h(485)
envPhaseB (pr8_vars.o):
    ROM_02.o                  pr8.h(490)
    ROM_01.o                  pr8.h(490)
envPhaseC (pr8_vars.o):
    ROM_02.o                  pr8.h(495)
    ROM_01.o                  pr8.h(495)
envPhaseD (pr8_vars.o):
    ROM_02.o                  pr8.h(500)
    ROM_01.o                  pr8.h(500)
errorCount (pr8_vars.o):
    ROM_07.o                  pr8.h(368)
errorScreen (ROM_05.o):
    ROM_07.o                  pr8.h(720)
freqHiA (pr8_vars.o):
    ROM_02.o                  pr8.h(457)
    ROM_01.o                  pr8.h(457)
freqHiB (pr8_vars.o):
    ROM_02.o                  pr8.h(461)
    ROM_01.o                  pr8.h(461)
freqHiC (pr8_vars.o):
    ROM_02.o                  pr8.h(465)
    ROM_01.o                  pr8.h(465)
freqLoA (pr8_vars.o):
    ROM_02.o                  pr8.h(456)
    ROM_01.o                  pr8.h(456)
freqLoB (pr8_vars.o):
    ROM_02.o                  pr8.h(460)
    ROM_01.o                  pr8.h(460)
freqLoC (pr8_vars.o):
    ROM_02.o                  pr8.h(464)
    ROM_01.o                  pr8.h(464)
freqLoD (pr8_vars.o):
    ROM_02.o                  pr8.h(467)
    ROM_01.o                  pr8.h(467)
hardFreqA (pr8_vars.o):
    ROM_02.o                  pr8.h(527)
    ROM_01.o                  pr8.h(527)
hardFreqB (pr8_vars.o):
    ROM_02.o                  pr8.h(527)
    ROM_01.o                  pr8.h(527)
initGraphics (ROM_05.o):
    ROM_07.o                  pr8.h(671)
initSound (ROM_01.o):
    ROM_07.o                  pr8.h(679)
jumpVector (pr8_vars.o):
    ROM_00.o                  pr8.h(366)
keyDelayA (pr8_vars.o):
    ROM_00.o                  pr8.h(611)
keyDelayB (pr8_vars.o):
    ROM_00.o                  pr8.h(610)
keyDelayLR (pr8_vars.o):
    ROM_00.o                  pr8.h(613)
keyDelayUD (pr8_vars.o):
    ROM_00.o                  pr8.h(612)
keyReleaseA (pr8_vars.o):
    ROM_00.o                  pr8.h(609)
keyReleaseB (pr8_vars.o):
    ROM_00.o                  pr8.h(606)
keyReleaseSelect (pr8_vars.o):
    ROM_00.o                  pr8.h(617)
keyReleaseStart (pr8_vars.o):
    ROM_00.o                  pr8.h(615)
keyRepeatA (pr8_vars.o):
    ROM_00.o                  pr8.h(608)
keyRepeatB (pr8_vars.o):
    ROM_00.o                  pr8.h(605)
keyRepeatCounterLR (pr8_vars.o):
    ROM_00.o                  pr8.h(604)
keyRepeatCounterUD (pr8_vars.o):
    ROM_00.o                  pr8.h(600)
keyRepeatLR (pr8_vars.o):
    ROM_00.o                  pr8.h(602)
keyRepeatOldLR (pr8_vars.o):
    ROM_00.o                  pr8.h(603)
keyRepeatOldUD (pr8_vars.o):
    ROM_00.o                  pr8.h(599)
keyRepeatRateLR (pr8_vars.o):
    ROM_00.o                  pr8.h(601)
keyRepeatRateUD (pr8_vars.o):
    ROM_00.o                  pr8.h(597)
keyRepeatSelect (pr8_vars.o):
    ROM_00.o                  pr8.h(616)
keyRepeatStart (pr8_vars.o):
    ROM_00.o                  pr8.h(614)
keyRepeatUD (pr8_vars.o):
    ROM_00.o                  pr8.h(598)
keyStopB (pr8_vars.o):
    ROM_00.o                  pr8.h(607)
lastDrumParameterValue (pr8_vars.o):
    ROM_00.o                  pr8.h(593)
lastNoteTrack (pr8_vars.o):
    ROM_01.o                  pr8.h(516)
lfoCounterA (pr8_vars.o):
    ROM_02.o                  pr8.h(469)
    ROM_01.o                  pr8.h(469)
lfoCounterB (pr8_vars.o):
    ROM_02.o                  pr8.h(473)
    ROM_01.o                  pr8.h(473)
lfoCounterC (pr8_vars.o):
    ROM_02.o                  pr8.h(477)
    ROM_01.o                  pr8.h(477)
lfoCounterD (pr8_vars.o):
    ROM_02.o                  pr8.h(481)
    ROM_01.o                  pr8.h(481)
lfoDelCounterA (pr8_vars.o):
    ROM_02.o                  pr8.h(470)
    ROM_01.o                  pr8.h(470)
lfoDelCounterB (pr8_vars.o):
    ROM_02.o                  pr8.h(474)
    ROM_01.o                  pr8.h(474)
lfoDelCounterC (pr8_vars.o):
    ROM_02.o                  pr8.h(478)
    ROM_01.o                  pr8.h(478)
lfoDelCounterD (pr8_vars.o):
    ROM_02.o                  pr8.h(482)
    ROM_01.o                  pr8.h(482)
lfoPhaseA (pr8_vars.o):
    ROM_02.o                  pr8.h(471)
    ROM_01.o                  pr8.h(471)
lfoPhaseB (pr8_vars.o):
    ROM_02.o                  pr8.h(475)
    ROM_01.o                  pr8.h(475)
lfoPhaseC (pr8_vars.o):
    ROM_02.o                  pr8.h(479)
    ROM_01.o                  pr8.h(479)
lfoPhaseD (pr8_vars.o):
    ROM_02.o                  pr8.h(483)
    ROM_01.o                  pr8.h(483)
maxDma (pr8_vars.o):
    ROM_00.o                  pr8.h(369)
noteCounter (pr8_vars.o):
    ROM_01.o                  pr8.h(454)
noteNumberA0 (pr8_vars.o):
    ROM_02.o                  pr8.h(391)
    ROM_01.o                  pr8.h(391)
noteNumberA1 (pr8_vars.o):
    ROM_02.o                  pr8.h(393)
noteNumberA2 (pr8_vars.o):
    ROM_02.o                  pr8.h(395)
noteNumberA3 (pr8_vars.o):
    ROM_02.o                  pr8.h(397)
noteNumberA4 (pr8_vars.o):
    ROM_02.o                  pr8.h(399)
noteNumberA5 (pr8_vars.o):
    ROM_02.o                  pr8.h(401)
noteNumberB0 (pr8_vars.o):
    ROM_02.o                  pr8.h(404)
    ROM_01.o                  pr8.h(404)
noteNumberB1 (pr8_vars.o):
    ROM_02.o                  pr8.h(406)
noteNumberB2 (pr8_vars.o):
    ROM_02.o                  pr8.h(408)
noteNumberB3 (pr8_vars.o):
    ROM_02.o                  pr8.h(410)
noteNumberB4 (pr8_vars.o):
    ROM_02.o                  pr8.h(412)
noteNumberB5 (pr8_vars.o):
    ROM_02.o                  pr8.h(414)
noteNumberC0 (pr8_vars.o):
    ROM_02.o                  pr8.h(417)
    ROM_01.o                  pr8.h(417)
noteNumberC1 (pr8_vars.o):
    ROM_02.o                  pr8.h(419)
noteNumberC2 (pr8_vars.o):
    ROM_02.o                  pr8.h(421)
noteNumberC3 (pr8_vars.o):
    ROM_02.o                  pr8.h(423)
noteNumberC4 (pr8_vars.o):
    ROM_02.o                  pr8.h(425)
noteNumberC5 (pr8_vars.o):
    ROM_02.o                  pr8.h(427)
noteNumberD0 (pr8_vars.o):
    ROM_02.o                  pr8.h(430)
    ROM_01.o                  pr8.h(430)
noteNumberD1 (pr8_vars.o):
    ROM_02.o                  pr8.h(432)
noteNumberD2 (pr8_vars.o):
    ROM_02.o                  pr8.h(434)
noteNumberD3 (pr8_vars.o):
    ROM_02.o                  pr8.h(436)
noteNumberD4 (pr8_vars.o):
    ROM_02.o                  pr8.h(438)
noteNumberD5 (pr8_vars.o):
    ROM_02.o                  pr8.h(440)
noteNumberE0 (pr8_vars.o):
    ROM_01.o                  pr8.h(443)
noteTrack (pr8_vars.o):
    ROM_01.o                  pr8.h(516)
oldPrgBank (pr8_vars.o):
    ROM_07.o                  pr8.h(317)
oldWramBank (pr8_vars.o):
    ROM_07.o                  pr8.h(317)
patternIndex (pr8_vars.o):
    ROM_01.o                  pr8.h(522)
    ROM_00.o                  pr8.h(522)
patternTableHi (ROM_07.o):
    ROM_01.o                  pr8.h(699)
    ROM_00.o                  pr8.h(699)
patternTableLo (ROM_07.o):
    ROM_01.o                  pr8.h(699)
    ROM_00.o                  pr8.h(699)
patterns (pr8_vars.o):
    ROM_07.o                  pr8.h(662)
patternsUsed (pr8_vars.o):
    ROM_00.o                  pr8.h(704)
phraseBanks (ROM_07.o):
    ROM_01.o                  pr8.h(699)
    ROM_00.o                  pr8.h(699)
phraseTableHi (ROM_07.o):
    ROM_01.o                  pr8.h(699)
    ROM_00.o                  pr8.h(699)
phraseTableLo (ROM_07.o):
    ROM_01.o                  pr8.h(699)
    ROM_00.o                  pr8.h(699)
phrases0 (pr8_vars.o):
    ROM_07.o                  pr8.h(662)
phrases1 (pr8_vars.o):
    ROM_07.o                  pr8.h(662)
phrasesUsed (pr8_vars.o):
    ROM_00.o                  pr8.h(703)
playNotes (ROM_01.o):
    ROM_07.o                  pr8.h(695)
plyrCurrentPattern (pr8_vars.o):
    ROM_01.o                  pr8.h(524)
    ROM_00.o                  pr8.h(524)
plyrCurrentSong (pr8_vars.o):
    ROM_01.o                  pr8.h(588)
    ROM_00.o                  pr8.h(588)
plyrDpcmOn (pr8_vars.o):
    ROM_02.o                  pr8.h(513)
    ROM_01.o                  pr8.h(513)
plyrEchoAttn (pr8_vars.o):
    ROM_02.o                  pr8.h(712)
    ROM_01.o                  pr8.h(712)
plyrEchoCounter (pr8_vars.o):
    ROM_01.o                  pr8.h(713)
plyrEchoIndex (pr8_vars.o):
    ROM_02.o                  pr8.h(713)
    ROM_01.o                  pr8.h(713)
plyrEchoInitAttnA (pr8_vars.o):
    ROM_02.o                  pr8.h(712)
    ROM_01.o                  pr8.h(712)
plyrEchoInitAttnB (pr8_vars.o):
    ROM_02.o                  pr8.h(712)
    ROM_01.o                  pr8.h(712)
plyrEchoInitAttnD (pr8_vars.o):
    ROM_02.o                  pr8.h(712)
    ROM_01.o                  pr8.h(712)
plyrEchoNoteCount (pr8_vars.o):
    ROM_01.o                  pr8.h(714)
plyrEchoSelect (pr8_vars.o):
    ROM_02.o                  pr8.h(713)
    ROM_01.o                  pr8.h(713)
plyrEchoSpeed (pr8_vars.o):
    ROM_01.o                  pr8.h(713)
plyrEchoWrite (pr8_vars.o):
    ROM_02.o                  pr8.h(716)
plyrMode (pr8_vars.o):
    ROM_01.o                  pr8.h(642)
    ROM_00.o                  pr8.h(642)
plyrModeOld (pr8_vars.o):
    ROM_01.o                  pr8.h(642)
    ROM_00.o                  pr8.h(642)
plyrNextPattern (pr8_vars.o):
    ROM_01.o                  pr8.h(524)
    ROM_00.o                  pr8.h(524)
plyrPatternGroove (pr8_vars.o):
    ROM_01.o                  pr8.h(523)
plyrPatternSpeed (pr8_vars.o):
    ROM_01.o                  pr8.h(523)
plyrSetupSong (ROM_01.o):
    ROM_07.o                  pr8.h(724)
plyrSongBar (pr8_vars.o):
    ROM_01.o                  pr8.h(525)
    ROM_00.o                  pr8.h(525)
plyrTmp0 (pr8_vars.o):
    ROM_02.o                  pr8.h(649)
    ROM_01.o                  pr8.h(649)
plyrTmp1 (pr8_vars.o):
    ROM_02.o                  pr8.h(649)
    ROM_01.o                  pr8.h(649)
plyrTmp2 (pr8_vars.o):
    ROM_02.o                  pr8.h(649)
    ROM_01.o                  pr8.h(649)
plyrTmp3 (pr8_vars.o):
    ROM_02.o                  pr8.h(649)
plyrTrackDrum (pr8_vars.o):
    ROM_01.o                  pr8.h(523)
plyrTrackPhrase (pr8_vars.o):
    ROM_01.o                  pr8.h(523)
plyrUpdateEchoIndex (ROM_01.o):
    ROM_07.o                  pr8.h(726)
previousEditorMode (pr8_vars.o):
    ROM_00.o                  pr8.h(582)
processVector (pr8_vars.o):
    ROM_05.o                  pr8.h(366)
process_DMA_queue (ROM_05.o):
    ROM_07.o                  pr8.h(580)
retriggerCount (pr8_vars.o):
    ROM_01.o                  pr8.h(517)
retriggerSpeed (pr8_vars.o):
    ROM_01.o                  pr8.h(517)
retriggerTemp (pr8_vars.o):
    ROM_01.o                  pr8.h(517)
scnCopyInfoBuffer (pr8_vars.o):
    ROM_05.o                  pr8.h(537)
    ROM_00.o                  pr8.h(537)
scnDrumAuxBuffer (pr8_vars.o):
    ROM_05.o                  pr8.h(535)
    ROM_00.o                  pr8.h(535)
scnGridBuffer (pr8_vars.o):
    ROM_05.o                  pr8.h(533)
    ROM_00.o                  pr8.h(533)
scnGridPatternBuffer (pr8_vars.o):
    ROM_05.o                  pr8.h(536)
    ROM_00.o                  pr8.h(536)
scnSongBuffer (pr8_vars.o):
    ROM_05.o                  pr8.h(538)
    ROM_00.o                  pr8.h(538)
scnTrackDrumBuffer (pr8_vars.o):
    ROM_05.o                  pr8.h(535)
    ROM_00.o                  pr8.h(535)
scnTriggerBuffer (pr8_vars.o):
    ROM_05.o                  pr8.h(533)
    ROM_00.o                  pr8.h(533)
scnVoiceABuffer (pr8_vars.o):
    ROM_05.o                  pr8.h(534)
    ROM_00.o                  pr8.h(534)
scnVoiceBBuffer (pr8_vars.o):
    ROM_05.o                  pr8.h(534)
scnVoiceCBuffer (pr8_vars.o):
    ROM_05.o                  pr8.h(534)
scnVoiceDBuffer (pr8_vars.o):
    ROM_05.o                  pr8.h(534)
scnVoiceEBuffer (pr8_vars.o):
    ROM_05.o                  pr8.h(534)
setMMC1r1 (ROM_07.o):
    ROM_02.o                  pr8.h(689)
    ROM_01.o                  pr8.h(689)
    ROM_00.o                  pr8.h(689)
slideA (pr8_vars.o):
    ROM_02.o                  pr8.h(518)
    ROM_01.o                  pr8.h(518)
slideB (pr8_vars.o):
    ROM_02.o                  pr8.h(518)
    ROM_01.o                  pr8.h(518)
slideC (pr8_vars.o):
    ROM_02.o                  pr8.h(518)
    ROM_01.o                  pr8.h(518)
songEchoDecay (pr8_vars.o):
    ROM_01.o                  pr8.h(722)
    ROM_00.o                  pr8.h(722)
songEchoLevelA (pr8_vars.o):
    ROM_01.o                  pr8.h(722)
    ROM_00.o                  pr8.h(722)
songEchoLevelB (pr8_vars.o):
    ROM_01.o                  pr8.h(722)
    ROM_00.o                  pr8.h(722)
songEchoLevelD (pr8_vars.o):
    ROM_01.o                  pr8.h(722)
    ROM_00.o                  pr8.h(722)
songEchoSelect (pr8_vars.o):
    ROM_01.o                  pr8.h(722)
    ROM_00.o                  pr8.h(722)
songEchoSpeed (pr8_vars.o):
    ROM_01.o                  pr8.h(722)
    ROM_00.o                  pr8.h(722)
songLoopLengthTable (pr8_vars.o):
    ROM_01.o                  pr8.h(663)
    ROM_00.o                  pr8.h(663)
songLoopStartTable (pr8_vars.o):
    ROM_01.o                  pr8.h(663)
    ROM_00.o                  pr8.h(663)
songSpeedTable (pr8_vars.o):
    ROM_01.o                  pr8.h(663)
    ROM_00.o                  pr8.h(663)
songSwingTable (pr8_vars.o):
    ROM_01.o                  pr8.h(663)
    ROM_00.o                  pr8.h(663)
songTableHi (ROM_07.o):
    ROM_01.o                  pr8.h(700)
    ROM_00.o                  pr8.h(700)
songTableLo (ROM_07.o):
    ROM_01.o                  pr8.h(700)
    ROM_00.o                  pr8.h(700)
songs (pr8_vars.o):
    ROM_07.o                  pr8.h(662)
sprBuf (pr8_vars.o):
    ROM_07.o                  pr8.h(542)
synthRefresh (ROM_02.o):
    ROM_07.o                  pr8.h(679)
tmp0 (pr8_vars.o):
    ROM_07.o                  pr8.h(321)
    ROM_05.o                  pr8.h(321)
tmp1 (pr8_vars.o):
    ROM_05.o                  pr8.h(321)
triggerCopyBuffer (pr8_vars.o):
    ROM_00.o                  pr8.h(628)
triggerTmp (pr8_vars.o):
    ROM_01.o                  pr8.h(520)
vblankFlag (pr8_vars.o):
    ROM_07.o                  pr8.h(315)
    ROM_00.o                  pr8.h(315)
vblankLastFlag (pr8_vars.o):
    ROM_07.o                  pr8.h(315)
voiceActive (pr8_vars.o):
    ROM_02.o                  pr8.h(515)
    ROM_01.o                  pr8.h(515)

